<?php
/***************************************************************************
* copyright            : (C) 2001-2011 Advanced Internet Designs Inc.
* email                : forum@prohost.org
* $Id: bbPress.map 5054 2010-10-23 00:47:24Z naudefj $
*
* This program is free software; you can redistribute it and/or modify it 
* under the terms of the GNU General Public License as published by the 
* Free Software Foundation; version 2 of the License. 
***************************************************************************/

function source_read_config($dir) {
	config_file_include('bb-config.php');
}

function source_db_connect() {
	bbconn(	BBDB_HOST, 
		null,
		BBDB_NAME,
		BBDB_USER,
		BBDB_PASSWORD,
		$GLOBALS['bb_table_prefix']	);
}

function source_load_users() {
	$c = bbq('SELECT u.*, m.meta_value FROM '. dbpref .'users u LEFT JOIN '. dbpref .'usermeta m ON u.ID = m.USER_ID WHERE m.meta_key = \'bb_capabilities\' AND id>0 ORDER BY id');
	while ($r = bbfetch($c)) {
		// Hack for user id of 1, since this id is reserved for anon user in FUDforum.
		if ($r->ID == 1) $r->ID = $GLOBALS['hack_id'] = bbfetch(bbq('SELECT MAX(id) AS cnt FROM '. dbpref .'users'))->cnt + 1;
		$user = array(
			'id'        => $r->ID,
			'login'     => $r->user_login,
			'name'      => $r->display_name,
			'passwd'    => $r->user_pass,
			'salt'      => '',
			'last_visit'=> 0,
			'last_read' => 0,
			'join_date' => $r->user_registered,
			'reg_ip'    => '',			
			'email'     => $r->user_email,
			'home_page' => $r->user_url,
			'time_zone' => '',
			'location'  => '',
			'interests' => '',
			'occupation'=> '',
			'sig'       => '',
			'avatar'    => '',
			'icq'       => '',
			'aim'       => '',
			'yahoo'     => '',
			'msn'       => '',
			'users_opt' => 0
		);
		$meta = unserialize($r->meta_value);
		$user['users_opt'] |= (isset($meta['keymaster']))     ? 1048576 : 0;	// Admin.
		$user['users_opt'] |= (isset($meta['administrator'])) ? 1048576 : 0;	// Admin.
		$user['users_opt'] |= (isset($meta['moderator']))     ?  524288 : 0;	// Moderator.
		target_add_user($user);
	}
}

function source_load_forums() {
	$c = bbq('SELECT * FROM '. dbpref .'forums');
	while ($r = bbfetch($c)) {
		$forum = array(
			'id'          => $r->forum_id,
			'cat_id'      => 1,
			'name'        => $r->forum_name,
			'description' => $r->forum_slug,
			'view_order'  => $r->forum_order,
			'post_passwd' => '',
			'url_redirect'=> ''
		);
		target_add_forum($forum);
	}
}

function source_load_topics() {
	$c = bbq('SELECT * FROM '. dbpref .'topics');
	while ($r = bbfetch($c)) {
		$topic = array(
			'id'          => $r->topic_id,
			'forum_id'    => $r->forum_id,
			'root_msg_id' => 0,
			'views'       => 0,
			'replies'     => $r->topic_posts,
			'thread_opt'  => 0
		);
		$topic['thread_opt'] |= ($r->topic_open)   ? 0 : 1;	// Topic open.
		$topic['thread_opt'] |= ($r->topic_sticky) ? 4 : 0;	// Sticky topic.
		target_add_topic($topic);
	}
}

function source_load_messages() {
	$c = bbq('SELECT * FROM '. dbpref .'posts p INNER JOIN '. dbpref .'topics t ON t.TOPIC_id=p.topic_id');
	while ($r = bbfetch($c)) {
		$message = array(
			'id'           => $r->post_id,
			'thread_id'    => $r->topic_id,
			'poster_id'    => $r->poster_id,
			'forum_id'     => $r->forum_id,
			'post_stamp'   => $r->post_time,
			'update_stamp' => 0,
			'updated_by'   => 0,
			'subject'      => $r->topic_title,
			'ip_addr'      => $r->poster_ip,
			'msg_opt'      => 0,
			'body'         => $r->post_text
		);
		target_add_message($message);
	}
}

?>
