<?php
/***************************************************************************
* copyright            : (C) 2001-2011 Advanced Internet Designs Inc.
* email                : forum@prohost.org
* $Id: Phorum.map 5054 2010-10-23 00:47:24Z naudefj $
*
* This program is free software; you can redistribute it and/or modify it 
* under the terms of the GNU General Public License as published by the 
* Free Software Foundation; version 2 of the License. 
***************************************************************************/

function source_read_config($dir) {
	define('PHORUM', 1);
	config_file_include('include/db/config.php');
}

function source_db_connect() {
	bbconn(	$GLOBALS['PHORUM']['DBCONFIG']['server'], 
		$GLOBALS['PHORUM']['DBCONFIG']['port'],
		$GLOBALS['PHORUM']['DBCONFIG']['name'],
		$GLOBALS['PHORUM']['DBCONFIG']['user'],
		$GLOBALS['PHORUM']['DBCONFIG']['password'],
		$GLOBALS['PHORUM']['DBCONFIG']['table_prefix'] .'_',
		$GLOBALS['PHORUM']['DBCONFIG']['type']	);
}

function source_load_users() {
	$c = bbq('SELECT * FROM '. dbpref .'users WHERE user_id>0 ORDER BY user_id');
	while ($r = bbfetch($c)) {
		// Hack for user id of 1, since this id is reserved for anon user in FUDforum.
		if ($r->user_id == 1) $r->user_id = $GLOBALS['hack_id'] = bbfetch(bbq('SELECT MAX(user_id) AS cnt FROM '. dbpref .'users'))->cnt + 1;

		$user = array(
			'id'        => $r->user_id,
			'login'     => $r->username,
			'name'      => $r->display_name,
			'passwd'    => $r->password,
			'salt'      => '',
			'last_visit'=> $r->date_last_active,
			'last_read' => 0,
			'join_date' => $r->date_added,
			'reg_ip'    => '',
			'email'     => $r->email,
			'home_page' => '',
			'location'  => '',
			'interests' => '',
			'occupation'=> '',
			'time_zone' => '',
			'sig'       => $r->signature,
			'avatar'    => '',
			'icq'       => '',
			'aim'       => '',
			'yahoo'     => '',
			'msn'       => '',
			'users_opt' => 0
		);
		$user['users_opt'] |= ($r->admin)         ? 1048576 : 0;	// is_admin
		$user['users_opt'] |= (!$r->active)       ?   65536 : 0;	// blocked
		$user['users_opt'] |= ($r->hide_activity) ?   32768 : 0;	// invisible_mode
		$user['users_opt'] |= (!$r->hide_email)   ?       1 : 0;	// display_email
		target_add_user($user);
	}
}

function source_load_cats() {
	$c = bbq('SELECT * FROM '. dbpref .'forums WHERE folder_flag = 1');
	while ($r = bbfetch($c)) {
		$cat = array(
			'id'          => $r->forum_id,
			'name'        => $r->name,
			'description' => $r->description,
			'view_order'  => $r->forum_id
		);
		target_add_cat($cat);
	}
}

function source_load_forums() {
	$c = bbq('SELECT * FROM '. dbpref .'forums WHERE folder_flag = 0');
	while ($r = bbfetch($c)) {
		$forum = array(
			'id'          => $r->forum_id,
			'cat_id'      => $r->parent_id,
			'name'        => $r->name,
			'description' => $r->description,
			'view_order'  => $r->display_order,
			'post_passwd' => '',
			'url_redirect'=> ''
		);
		target_add_forum($forum);
	}
}

function source_load_topics() {
	$c = bbq('SELECT * FROM '. dbpref .'messages WHERE parent_id = 0');
	while ($r = bbfetch($c)) {
		$topic = array(
			'id'          => $r->thread,
			'forum_id'    => $r->forum_id,
			'root_msg_id' => $r->message_id,
			'views'       => $r->viewcount,
			'replies'     => $r->thread_count,
			'thread_opt'  => 0
		);
		$topic['thread_opt'] |= ($r->closed == 1) ? 1 : 0;	// Topic closed.
		target_add_topic($topic);
	}
}

function source_load_messages() {
	$c = bbq('SELECT * FROM '. dbpref .'messages');
	while ($r = bbfetch($c)) {
		$message = array(
			'id'           => $r->message_id,
			'thread_id'    => $r->thread,
			'poster_id'    => $r->user_id,
			'forum_id'     => $r->forum_id,
			'post_stamp'   => $r->datestamp,
			'update_stamp' => 0,
			'updated_by'   => 0,
			'subject'      => $r->subject,
			'ip_addr'      => $r->ip,
			'msg_opt'      => 0,
			'body'         => $r->body
		);
		target_add_message($message);
	}
}

function source_load_topic_subscriptions() {
	$c = bbq('SELECT * FROM '. dbpref .'subscribers');
	while ($r = bbfetch($c)) {
		$sub = array(
			'user_id'   => $r->user_id,
			'topic_id'  => $r->thread
		);
		target_add_topic_subscription($sub);
	}
}

function source_load_attachments() {
	$c = bbq('SELECT * FROM '. dbpref .'files WHERE message_id > 0');
	while ($r = bbfetch($c)) {
		file_put_contents($GLOBALS['CONVERT_FROM_DIR'] .'att.tmp', base64_decode($r->file_data));
		$att = array(
			'file'           => $GLOBALS['CONVERT_FROM_DIR'] .'att.tmp',
			'original_name'  => $r->filename,
			'user_id'        => $r->user_id,
			'post_id'        => $r->message_id,
			'download_count' => 0

		);
		target_add_attachment($att);
	}
}

function source_load_private_messages() {
	$c = bbq('SELECT m.*, x.read_flag, x.user_id to_id FROM '. dbpref .'pm_messages m LEFT JOIN  '. dbpref .'pm_xref x ON m.pm_message_id = x.pm_message_id WHERE special_folder = \'inbox\'');
	while ($r = bbfetch($c)) {
		$pm = array(
			'ouser_id'   => $r->user_id,
			'duser_id'   => $r->to_id,
			'ip_addr'    => '',
			'post_stamp' => $r->datestamp,
			'read_stamp' => 0,
			'fldr'       => 1,	// INBOX
			'subject'    => $r->subject,
			'pmsg_opt'   => 0,
			'to_list'    => $r->to_id,
			'body'       => $r->message
		);
		$pm['pmsg_opt'] |= $r->read_flag  ? 4 : 0;
		target_add_private_message($pm);
	}
}
